PS C:\Users\CVR\Desktop> git clone https://github.com/rohithbojja/SELab.git
Cloning into 'SELab'...
remote: Enumerating objects: 3, done.
remote: Counting objects: 100% (3/3), done.
remote: Total 3 (delta 0), reused 3 (delta 0), pack-reused 0
Receiving objects: 100% (3/3), done.
PS C:\Users\CVR\Desktop> cd SELab
PS C:\Users\CVR\Desktop\SELab> git status
On branch main
Your branch is up to date with 'origin/main'.

Untracked files:
  (use "git add <file>..." to include in what will be committed)
        abcd.txt

nothing added to commit but untracked files present (use "git add" to track)
PS C:\Users\CVR\Desktop\SELab> git add .
PS C:\Users\CVR\Desktop\SELab> git commit -m "1st"
[main de5de7c] 1st
 1 file changed, 0 insertions(+), 0 deletions(-)
 create mode 100644 abcd.txt
PS C:\Users\CVR\Desktop\SELab> git push
Enumerating objects: 4, done.
Counting objects: 100% (4/4), done.
Delta compression using up to 4 threads
Compressing objects: 100% (2/2), done.
Writing objects: 100% (3/3), 267 bytes | 267.00 KiB/s, done.
Total 3 (delta 0), reused 0 (delta 0), pack-reused 0 (from 0)
To https://github.com/rohithbojja/SELab.git
   151dbd6..de5de7c  main -> main
PS C:\Users\CVR\Desktop\SELab> git branch developer
PS C:\Users\CVR\Desktop\SELab> git checkout developer
Switched to branch 'developer'
PS C:\Users\CVR\Desktop\SELab> git add .
PS C:\Users\CVR\Desktop\SELab> git commit -m "1st-dev"
[developer debd62a] 1st-dev
 1 file changed, 0 insertions(+), 0 deletions(-)
 create mode 100644 efgh.txt
PS C:\Users\CVR\Desktop\SELab> git push
fatal: The current branch developer has no upstream branch.
To push the current branch and set the remote as upstream, use

    git push --set-upstream origin developer

To have this happen automatically for branches without a tracking
upstream, see 'push.autoSetupRemote' in 'git help config'.

PS C:\Users\CVR\Desktop\SELab> git config --global push.autoSetupRemote true
PS C:\Users\CVR\Desktop\SELab> git push
Enumerating objects: 3, done.
Counting objects: 100% (3/3), done.
Delta compression using up to 4 threads
Compressing objects: 100% (2/2), done.
Writing objects: 100% (2/2), 269 bytes | 269.00 KiB/s, done.
Total 2 (delta 0), reused 0 (delta 0), pack-reused 0 (from 0)
remote:
remote: Create a pull request for 'developer' on GitHub by visiting:
remote:      https://github.com/rohithbojja/SELab/pull/new/developer
remote:
To https://github.com/rohithbojja/SELab.git
 * [new branch]      developer -> developer
branch 'developer' set up to track 'origin/developer'.